#
# A fatal error has been detected by the Java Runtime Environment:
#
#  SIGBUS (0x7) at pc=0x0000757850c6e1d0, pid=497579, tid=497592
#
# JRE version: OpenJDK Runtime Environment AdoptOpenJDK (15.0.2+7) (build 15.0.2+7)
# Java VM: OpenJDK 64-Bit Server VM AdoptOpenJDK (15.0.2+7, mixed mode, sharing, tiered, compressed oops, g1 gc, linux-amd64)
# Problematic frame:
# V  [libjvm.so+0x26e1d0]  salI_rReg_immNode::emit(CodeBuffer&, PhaseRegAlloc*) const+0x0
#
# Core dump will be written. Default location: Core dumps may be processed with "/usr/share/apport/apport -p%p -s%s -c%c -d%d -P%P -u%u -g%g -- %E" (or dumping to /jtech/home/maicon.rocha/Documentos/Github/java_completo/core.497579)
#
# If you would like to submit a bug report, please visit:
#   https://github.com/AdoptOpenJDK/openjdk-support/issues
#

---------------  S U M M A R Y ------------

Command Line: -XX:+ShowCodeDetailsInExceptionMessages br.com.circumference.application.Program

Host: Intel(R) Core(TM) i5-9300H CPU @ 2.40GHz, 8 cores, 15G, Ubuntu 22.04.4 LTS
Time: Wed Aug 21 12:22:05 2024 -03 elapsed time: 0.115231 seconds (0d 0h 0m 0s)

---------------  T H R E A D  ---------------

Current thread (0x000075784c181f30):  JavaThread "C2 CompilerThread0" daemon [_thread_in_native, id=497592, stack(0x0000757822900000,0x0000757822a00000)]


Current CompileTask:
C2:    115  134       4       java.lang.StringUTF16::getChar (60 bytes)

Stack: [0x0000757822900000,0x0000757822a00000],  sp=0x00007578229fb628,  free space=1005k
Native frames: (J=compiled Java code, A=aot compiled Java code, j=interpreted, Vv=VM code, C=native code)
V  [libjvm.so+0x26e1d0]  salI_rReg_immNode::emit(CodeBuffer&, PhaseRegAlloc*) const+0x0
V  [libjvm.so+0xbd8718]  PhaseOutput::shorten_branches(unsigned int*)+0x278
V  [libjvm.so+0xbe1b0a]  PhaseOutput::Output()+0x4fa
V  [libjvm.so+0x5654e1]  Compile::Code_Gen()+0x4e1
V  [libjvm.so+0x567e88]  Compile::Compile(ciEnv*, ciMethod*, int, bool, bool, bool, DirectiveSet*)+0xb08
V  [libjvm.so+0x49e81c]  C2Compiler::compile_method(ciEnv*, ciMethod*, int, DirectiveSet*)+0xac
V  [libjvm.so+0x5720cc]  CompileBroker::invoke_compiler_on_method(CompileTask*)+0xeec
V  [libjvm.so+0x572eb8]  CompileBroker::compiler_thread_loop()+0x5b8
V  [libjvm.so+0xe50f8a]  JavaThread::thread_main_inner()+0x1da
V  [libjvm.so+0xe55baf]  Thread::call_run()+0xff
V  [libjvm.so+0xbc77e7]  thread_native_entry(Thread*)+0xe7


siginfo: si_signo: 7 (SIGBUS), si_code: 2 (BUS_ADRERR), si_addr: 0x0000757850c6e1d0

Register to memory mapping:

RAX=0x0000757833d16bbc is at code_begin+6588 in 
[CodeBlob (0x0000757833d15190)]
Framesize: 0
BufferBlob (0x0000757833d15190) used for Compile::scratch_buffer
RBX=0x00007578229fb6c0 is pointing into the stack for thread: 0x000075784c181f30
RCX=0x0000757851e26a60: <offset 0x0000000001426a60> in /jtech/devtools/java/java15/lib/server/libjvm.so at 0x0000757850a00000
RDX=0x00007578229fbae0 is pointing into the stack for thread: 0x000075784c181f30
RSP=0x00007578229fb628 is pointing into the stack for thread: 0x000075784c181f30
RBP=0x00007578229fb8a0 is pointing into the stack for thread: 0x000075784c181f30
RSI=0x00007578229fb6c0 is pointing into the stack for thread: 0x000075784c181f30
RDI=0x00007577e002d718 points into unknown readable memory: 0x0000757851e26a60 | 60 6a e2 51 78 75 00 00
R8 =0x0000757851e26a60: <offset 0x0000000001426a60> in /jtech/devtools/java/java15/lib/server/libjvm.so at 0x0000757850a00000
R9 =0x0000000000000011 is an unknown value
R10=0x0 is NULL
R11=0x0 is NULL
R12=0x00007578229fbc60 is pointing into the stack for thread: 0x000075784c181f30
R13=0x00007577e002d718 points into unknown readable memory: 0x0000757851e26a60 | 60 6a e2 51 78 75 00 00
R14=0x00007578229fb770 is pointing into the stack for thread: 0x000075784c181f30
R15=0x0000757833d16ac0 is at code_begin+6336 in 
[CodeBlob (0x0000757833d15190)]
Framesize: 0
BufferBlob (0x0000757833d15190) used for Compile::scratch_buffer


Registers:
RAX=0x0000757833d16bbc, RBX=0x00007578229fb6c0, RCX=0x0000757851e26a60, RDX=0x00007578229fbae0
RSP=0x00007578229fb628, RBP=0x00007578229fb8a0, RSI=0x00007578229fb6c0, RDI=0x00007577e002d718
R8 =0x0000757851e26a60, R9 =0x0000000000000011, R10=0x0000000000000000, R11=0x0000000000000000
R12=0x00007578229fbc60, R13=0x00007577e002d718, R14=0x00007578229fb770, R15=0x0000757833d16ac0
RIP=0x0000757850c6e1d0, EFLAGS=0x0000000000010293, CSGSFS=0x002b000000000033, ERR=0x0000000000000014
  TRAPNO=0x000000000000000e

Top of Stack: (sp=0x00007578229fb628)
0x00007578229fb628:   00007578515dca28 0000000000000000
0x00007578229fb638:   0000000000000000 00007577e002bd58
0x00007578229fb648:   0000757833d16ac0 00000000e002d348
0x00007578229fb658:   0000000000000000 00007578ffffffff 

Instructions: (pc=0x0000757850c6e1d0)
0x0000757850c6e0d0:   ?? ?? ?? ?? ?? ?? ?? ?? ?? ?? ?? ?? ?? ?? ?? ??
0x0000757850c6e0e0:   ?? ?? ?? ?? ?? ?? ?? ?? ?? ?? ?? ?? ?? ?? ?? ??
0x0000757850c6e0f0:   ?? ?? ?? ?? ?? ?? ?? ?? ?? ?? ?? ?? ?? ?? ?? ??
0x0000757850c6e100:   ?? ?? ?? ?? ?? ?? ?? ?? ?? ?? ?? ?? ?? ?? ?? ??
0x0000757850c6e110:   ?? ?? ?? ?? ?? ?? ?? ?? ?? ?? ?? ?? ?? ?? ?? ??
0x0000757850c6e120:   ?? ?? ?? ?? ?? ?? ?? ?? ?? ?? ?? ?? ?? ?? ?? ??
0x0000757850c6e130:   ?? ?? ?? ?? ?? ?? ?? ?? ?? ?? ?? ?? ?? ?? ?? ??
0x0000757850c6e140:   ?? ?? ?? ?? ?? ?? ?? ?? ?? ?? ?? ?? ?? ?? ?? ??
0x0000757850c6e150:   ?? ?? ?? ?? ?? ?? ?? ?? ?? ?? ?? ?? ?? ?? ?? ??
0x0000757850c6e160:   ?? ?? ?? ?? ?? ?? ?? ?? ?? ?? ?? ?? ?? ?? ?? ??
0x0000757850c6e170:   ?? ?? ?? ?? ?? ?? ?? ?? ?? ?? ?? ?? ?? ?? ?? ??
0x0000757850c6e180:   ?? ?? ?? ?? ?? ?? ?? ?? ?? ?? ?? ?? ?? ?? ?? ??
0x0000757850c6e190:   ?? ?? ?? ?? ?? ?? ?? ?? ?? ?? ?? ?? ?? ?? ?? ??
0x0000757850c6e1a0:   ?? ?? ?? ?? ?? ?? ?? ?? ?? ?? ?? ?? ?? ?? ?? ??
0x0000757850c6e1b0:   ?? ?? ?? ?? ?? ?? ?? ?? ?? ?? ?? ?? ?? ?? ?? ??
0x0000757850c6e1c0:   ?? ?? ?? ?? ?? ?? ?? ?? ?? ?? ?? ?? ?? ?? ?? ??
0x0000757850c6e1d0:   ?? ?? ?? ?? ?? ?? ?? ?? ?? ?? ?? ?? ?? ?? ?? ??
0x0000757850c6e1e0:   ?? ?? ?? ?? ?? ?? ?? ?? ?? ?? ?? ?? ?? ?? ?? ??
0x0000757850c6e1f0:   ?? ?? ?? ?? ?? ?? ?? ?? ?? ?? ?? ?? ?? ?? ?? ??
0x0000757850c6e200:   ?? ?? ?? ?? ?? ?? ?? ?? ?? ?? ?? ?? ?? ?? ?? ??
0x0000757850c6e210:   ?? ?? ?? ?? ?? ?? ?? ?? ?? ?? ?? ?? ?? ?? ?? ??
0x0000757850c6e220:   ?? ?? ?? ?? ?? ?? ?? ?? ?? ?? ?? ?? ?? ?? ?? ??
0x0000757850c6e230:   ?? ?? ?? ?? ?? ?? ?? ?? ?? ?? ?? ?? ?? ?? ?? ??
0x0000757850c6e240:   ?? ?? ?? ?? ?? ?? ?? ?? ?? ?? ?? ?? ?? ?? ?? ??
0x0000757850c6e250:   ?? ?? ?? ?? ?? ?? ?? ?? ?? ?? ?? ?? ?? ?? ?? ??
0x0000757850c6e260:   ?? ?? ?? ?? ?? ?? ?? ?? ?? ?? ?? ?? ?? ?? ?? ??
0x0000757850c6e270:   ?? ?? ?? ?? ?? ?? ?? ?? ?? ?? ?? ?? ?? ?? ?? ??
0x0000757850c6e280:   ?? ?? ?? ?? ?? ?? ?? ?? ?? ?? ?? ?? ?? ?? ?? ??
0x0000757850c6e290:   ?? ?? ?? ?? ?? ?? ?? ?? ?? ?? ?? ?? ?? ?? ?? ??
0x0000757850c6e2a0:   ?? ?? ?? ?? ?? ?? ?? ?? ?? ?? ?? ?? ?? ?? ?? ??
0x0000757850c6e2b0:   ?? ?? ?? ?? ?? ?? ?? ?? ?? ?? ?? ?? ?? ?? ?? ??
0x0000757850c6e2c0:   ?? ?? ?? ?? ?? ?? ?? ?? ?? ?? ?? ?? ?? ?? ?? ?? 


Stack slot to memory mapping:
stack at sp + 0 slots: 0x00007578515dca28: <offset 0x0000000000bdca28> in /jtech/devtools/java/java15/lib/server/libjvm.so at 0x0000757850a00000
stack at sp + 1 slots: 0x0 is NULL
stack at sp + 2 slots: 0x0 is NULL
stack at sp + 3 slots: 0x00007577e002bd58 points into unknown readable memory: 0x0000757851e71068 | 68 10 e7 51 78 75 00 00
stack at sp + 4 slots: 0x0000757833d16ac0 is at code_begin+6336 in 
[CodeBlob (0x0000757833d15190)]
Framesize: 0
BufferBlob (0x0000757833d15190) used for Compile::scratch_buffer
stack at sp + 5 slots: 0x00000000e002d348 is an unknown value
stack at sp + 6 slots: 0x0 is NULL
stack at sp + 7 slots: 0x00007578ffffffff is an unknown value


---------------  P R O C E S S  ---------------

Threads class SMR info:
_java_thread_list=0x000075784c1ff5b0, length=10, elements={
0x000075784c028070, 0x000075784c177c70, 0x000075784c1793b0, 0x000075784c17ec00,
0x000075784c180310, 0x000075784c181f30, 0x000075784c183760, 0x000075784c184e60,
0x000075784c1fa560, 0x000075784c1fe2f0
}

Java Threads: ( => current thread )
  0x000075784c028070 JavaThread "main" [_thread_in_native, id=497580, stack(0x0000757852931000,0x0000757852a31000)]
  0x000075784c177c70 JavaThread "Reference Handler" daemon [_thread_blocked, id=497588, stack(0x0000757823300000,0x0000757823400000)]
  0x000075784c1793b0 JavaThread "Finalizer" daemon [_thread_blocked, id=497589, stack(0x0000757823200000,0x0000757823300000)]
  0x000075784c17ec00 JavaThread "Signal Dispatcher" daemon [_thread_blocked, id=497590, stack(0x0000757822b00000,0x0000757822c00000)]
  0x000075784c180310 JavaThread "Service Thread" daemon [_thread_blocked, id=497591, stack(0x0000757822a00000,0x0000757822b00000)]
=>0x000075784c181f30 JavaThread "C2 CompilerThread0" daemon [_thread_in_native, id=497592, stack(0x0000757822900000,0x0000757822a00000)]
  0x000075784c183760 JavaThread "C1 CompilerThread0" daemon [_thread_blocked, id=497593, stack(0x0000757822800000,0x0000757822900000)]
  0x000075784c184e60 JavaThread "Sweeper thread" daemon [_thread_blocked, id=497594, stack(0x0000757822700000,0x0000757822800000)]
  0x000075784c1fa560 JavaThread "Notification Thread" daemon [_thread_blocked, id=497595, stack(0x0000757822600000,0x0000757822700000)]
  0x000075784c1fe2f0 JavaThread "Common-Cleaner" daemon [_thread_blocked, id=497597, stack(0x00007578223fe000,0x00007578224fe000)]

Other Threads:
  0x000075784c174f20 VMThread "VM Thread" [stack: 0x0000757823cfc000,0x0000757823dfc000] [id=497587]
  0x000075784c1fc120 WatcherThread [stack: 0x0000757822500000,0x0000757822600000] [id=497596]
  0x000075784c0786b0 GCTaskThread "GC Thread#0" [stack: 0x000075784bf00000,0x000075784c000000] [id=497582]
  0x000075784c089780 ConcurrentGCThread "G1 Main Marker" [stack: 0x000075784bdfe000,0x000075784befe000] [id=497583]
  0x000075784c08aa10 ConcurrentGCThread "G1 Conc#0" [stack: 0x000075784bcfc000,0x000075784bdfc000] [id=497584]
  0x000075784c13f640 ConcurrentGCThread "G1 Refine#0" [stack: 0x0000757823f00000,0x0000757824000000] [id=497585]
  0x000075784c140850 ConcurrentGCThread "G1 Young RemSet Sampling" [stack: 0x0000757823dfe000,0x0000757823efe000] [id=497586]

Threads with active compile tasks:
C2 CompilerThread0     1991  134       4       java.lang.StringUTF16::getChar (60 bytes)

VM state: not at safepoint (normal execution)

VM Mutex/Monitor currently owned by a thread: None

Heap address: 0x0000000708a00000, size: 3958 MB, Compressed Oops mode: Zero based, Oop shift amount: 3
CDS archive(s) mapped at: [0x0000000800000000-0x0000000800b2b000-0x0000000800b2b000), size 11710464, SharedBaseAddress: 0x0000000800000000, ArchiveRelocationMode: 0.
Compressed class space mapped at: 0x0000000800b2c000-0x0000000840b2c000, size: 1073741824
Narrow klass base: 0x0000000800000000, Narrow klass shift: 3, Narrow klass range: 0x100000000

GC Precious Log:
 CPUs: 8 total, 8 available
 Memory: 15828M
 Large Page Support: Disabled
 NUMA Support: Disabled
 Compressed Oops: Enabled (Zero based)
 Heap Region Size: 2M
 Heap Min Capacity: 8M
 Heap Initial Capacity: 248M
 Heap Max Capacity: 3958M
 Pre-touch: Disabled
 Parallel Workers: 8
 Concurrent Workers: 2
 Concurrent Refinement Workers: 8
 Periodic GC: Disabled

Heap:
 garbage-first heap   total 258048K, used 1848K [0x0000000708a00000, 0x0000000800000000)
  region size 2048K, 1 young (2048K), 0 survivors (0K)
 Metaspace       used 572K, capacity 4495K, committed 4864K, reserved 1056768K
  class space    used 49K, capacity 389K, committed 512K, reserved 1048576K

Heap Regions: E=young(eden), S=young(survivor), O=old, HS=humongous(starts), HC=humongous(continues), CS=collection set, F=free, OA=open archive, CA=closed archive, TAMS=top-at-mark-start (previous, next)
|   0|0x0000000708a00000, 0x0000000708a00000, 0x0000000708c00000|  0%| F|  |TAMS 0x0000000708a00000, 0x0000000708a00000| Untracked 
|   1|0x0000000708c00000, 0x0000000708c00000, 0x0000000708e00000|  0%| F|  |TAMS 0x0000000708c00000, 0x0000000708c00000| Untracked 
|   2|0x0000000708e00000, 0x0000000708e00000, 0x0000000709000000|  0%| F|  |TAMS 0x0000000708e00000, 0x0000000708e00000| Untracked 
|   3|0x0000000709000000, 0x0000000709000000, 0x0000000709200000|  0%| F|  |TAMS 0x0000000709000000, 0x0000000709000000| Untracked 
|   4|0x0000000709200000, 0x0000000709200000, 0x0000000709400000|  0%| F|  |TAMS 0x0000000709200000, 0x0000000709200000| Untracked 
|   5|0x0000000709400000, 0x0000000709400000, 0x0000000709600000|  0%| F|  |TAMS 0x0000000709400000, 0x0000000709400000| Untracked 
|   6|0x0000000709600000, 0x0000000709600000, 0x0000000709800000|  0%| F|  |TAMS 0x0000000709600000, 0x0000000709600000| Untracked 
|   7|0x0000000709800000, 0x0000000709800000, 0x0000000709a00000|  0%| F|  |TAMS 0x0000000709800000, 0x0000000709800000| Untracked 
|   8|0x0000000709a00000, 0x0000000709a00000, 0x0000000709c00000|  0%| F|  |TAMS 0x0000000709a00000, 0x0000000709a00000| Untracked 
|   9|0x0000000709c00000, 0x0000000709c00000, 0x0000000709e00000|  0%| F|  |TAMS 0x0000000709c00000, 0x0000000709c00000| Untracked 
|  10|0x0000000709e00000, 0x0000000709e00000, 0x000000070a000000|  0%| F|  |TAMS 0x0000000709e00000, 0x0000000709e00000| Untracked 
|  11|0x000000070a000000, 0x000000070a000000, 0x000000070a200000|  0%| F|  |TAMS 0x000000070a000000, 0x000000070a000000| Untracked 
|  12|0x000000070a200000, 0x000000070a200000, 0x000000070a400000|  0%| F|  |TAMS 0x000000070a200000, 0x000000070a200000| Untracked 
|  13|0x000000070a400000, 0x000000070a400000, 0x000000070a600000|  0%| F|  |TAMS 0x000000070a400000, 0x000000070a400000| Untracked 
|  14|0x000000070a600000, 0x000000070a600000, 0x000000070a800000|  0%| F|  |TAMS 0x000000070a600000, 0x000000070a600000| Untracked 
|  15|0x000000070a800000, 0x000000070a800000, 0x000000070aa00000|  0%| F|  |TAMS 0x000000070a800000, 0x000000070a800000| Untracked 
|  16|0x000000070aa00000, 0x000000070aa00000, 0x000000070ac00000|  0%| F|  |TAMS 0x000000070aa00000, 0x000000070aa00000| Untracked 
|  17|0x000000070ac00000, 0x000000070ac00000, 0x000000070ae00000|  0%| F|  |TAMS 0x000000070ac00000, 0x000000070ac00000| Untracked 
|  18|0x000000070ae00000, 0x000000070ae00000, 0x000000070b000000|  0%| F|  |TAMS 0x000000070ae00000, 0x000000070ae00000| Untracked 
|  19|0x000000070b000000, 0x000000070b000000, 0x000000070b200000|  0%| F|  |TAMS 0x000000070b000000, 0x000000070b000000| Untracked 
|  20|0x000000070b200000, 0x000000070b200000, 0x000000070b400000|  0%| F|  |TAMS 0x000000070b200000, 0x000000070b200000| Untracked 
|  21|0x000000070b400000, 0x000000070b400000, 0x000000070b600000|  0%| F|  |TAMS 0x000000070b400000, 0x000000070b400000| Untracked 
|  22|0x000000070b600000, 0x000000070b600000, 0x000000070b800000|  0%| F|  |TAMS 0x000000070b600000, 0x000000070b600000| Untracked 
|  23|0x000000070b800000, 0x000000070b800000, 0x000000070ba00000|  0%| F|  |TAMS 0x000000070b800000, 0x000000070b800000| Untracked 
|  24|0x000000070ba00000, 0x000000070ba00000, 0x000000070bc00000|  0%| F|  |TAMS 0x000000070ba00000, 0x000000070ba00000| Untracked 
|  25|0x000000070bc00000, 0x000000070bc00000, 0x000000070be00000|  0%| F|  |TAMS 0x000000070bc00000, 0x000000070bc00000| Untracked 
|  26|0x000000070be00000, 0x000000070be00000, 0x000000070c000000|  0%| F|  |TAMS 0x000000070be00000, 0x000000070be00000| Untracked 
|  27|0x000000070c000000, 0x000000070c000000, 0x000000070c200000|  0%| F|  |TAMS 0x000000070c000000, 0x000000070c000000| Untracked 
|  28|0x000000070c200000, 0x000000070c200000, 0x000000070c400000|  0%| F|  |TAMS 0x000000070c200000, 0x000000070c200000| Untracked 
|  29|0x000000070c400000, 0x000000070c400000, 0x000000070c600000|  0%| F|  |TAMS 0x000000070c400000, 0x000000070c400000| Untracked 
|  30|0x000000070c600000, 0x000000070c600000, 0x000000070c800000|  0%| F|  |TAMS 0x000000070c600000, 0x000000070c600000| Untracked 
|  31|0x000000070c800000, 0x000000070c800000, 0x000000070ca00000|  0%| F|  |TAMS 0x000000070c800000, 0x000000070c800000| Untracked 
|  32|0x000000070ca00000, 0x000000070ca00000, 0x000000070cc00000|  0%| F|  |TAMS 0x000000070ca00000, 0x000000070ca00000| Untracked 
|  33|0x000000070cc00000, 0x000000070cc00000, 0x000000070ce00000|  0%| F|  |TAMS 0x000000070cc00000, 0x000000070cc00000| Untracked 
|  34|0x000000070ce00000, 0x000000070ce00000, 0x000000070d000000|  0%| F|  |TAMS 0x000000070ce00000, 0x000000070ce00000| Untracked 
|  35|0x000000070d000000, 0x000000070d000000, 0x000000070d200000|  0%| F|  |TAMS 0x000000070d000000, 0x000000070d000000| Untracked 
|  36|0x000000070d200000, 0x000000070d200000, 0x000000070d400000|  0%| F|  |TAMS 0x000000070d200000, 0x000000070d200000| Untracked 
|  37|0x000000070d400000, 0x000000070d400000, 0x000000070d600000|  0%| F|  |TAMS 0x000000070d400000, 0x000000070d400000| Untracked 
|  38|0x000000070d600000, 0x000000070d600000, 0x000000070d800000|  0%| F|  |TAMS 0x000000070d600000, 0x000000070d600000| Untracked 
|  39|0x000000070d800000, 0x000000070d800000, 0x000000070da00000|  0%| F|  |TAMS 0x000000070d800000, 0x000000070d800000| Untracked 
|  40|0x000000070da00000, 0x000000070da00000, 0x000000070dc00000|  0%| F|  |TAMS 0x000000070da00000, 0x000000070da00000| Untracked 
|  41|0x000000070dc00000, 0x000000070dc00000, 0x000000070de00000|  0%| F|  |TAMS 0x000000070dc00000, 0x000000070dc00000| Untracked 
|  42|0x000000070de00000, 0x000000070de00000, 0x000000070e000000|  0%| F|  |TAMS 0x000000070de00000, 0x000000070de00000| Untracked 
|  43|0x000000070e000000, 0x000000070e000000, 0x000000070e200000|  0%| F|  |TAMS 0x000000070e000000, 0x000000070e000000| Untracked 
|  44|0x000000070e200000, 0x000000070e200000, 0x000000070e400000|  0%| F|  |TAMS 0x000000070e200000, 0x000000070e200000| Untracked 
|  45|0x000000070e400000, 0x000000070e400000, 0x000000070e600000|  0%| F|  |TAMS 0x000000070e400000, 0x000000070e400000| Untracked 
|  46|0x000000070e600000, 0x000000070e600000, 0x000000070e800000|  0%| F|  |TAMS 0x000000070e600000, 0x000000070e600000| Untracked 
|  47|0x000000070e800000, 0x000000070e800000, 0x000000070ea00000|  0%| F|  |TAMS 0x000000070e800000, 0x000000070e800000| Untracked 
|  48|0x000000070ea00000, 0x000000070ea00000, 0x000000070ec00000|  0%| F|  |TAMS 0x000000070ea00000, 0x000000070ea00000| Untracked 
|  49|0x000000070ec00000, 0x000000070ec00000, 0x000000070ee00000|  0%| F|  |TAMS 0x000000070ec00000, 0x000000070ec00000| Untracked 
|  50|0x000000070ee00000, 0x000000070ee00000, 0x000000070f000000|  0%| F|  |TAMS 0x000000070ee00000, 0x000000070ee00000| Untracked 
|  51|0x000000070f000000, 0x000000070f000000, 0x000000070f200000|  0%| F|  |TAMS 0x000000070f000000, 0x000000070f000000| Untracked 
|  52|0x000000070f200000, 0x000000070f200000, 0x000000070f400000|  0%| F|  |TAMS 0x000000070f200000, 0x000000070f200000| Untracked 
|  53|0x000000070f400000, 0x000000070f400000, 0x000000070f600000|  0%| F|  |TAMS 0x000000070f400000, 0x000000070f400000| Untracked 
|  54|0x000000070f600000, 0x000000070f600000, 0x000000070f800000|  0%| F|  |TAMS 0x000000070f600000, 0x000000070f600000| Untracked 
|  55|0x000000070f800000, 0x000000070f800000, 0x000000070fa00000|  0%| F|  |TAMS 0x000000070f800000, 0x000000070f800000| Untracked 
|  56|0x000000070fa00000, 0x000000070fa00000, 0x000000070fc00000|  0%| F|  |TAMS 0x000000070fa00000, 0x000000070fa00000| Untracked 
|  57|0x000000070fc00000, 0x000000070fc00000, 0x000000070fe00000|  0%| F|  |TAMS 0x000000070fc00000, 0x000000070fc00000| Untracked 
|  58|0x000000070fe00000, 0x000000070fe00000, 0x0000000710000000|  0%| F|  |TAMS 0x000000070fe00000, 0x000000070fe00000| Untracked 
|  59|0x0000000710000000, 0x0000000710000000, 0x0000000710200000|  0%| F|  |TAMS 0x0000000710000000, 0x0000000710000000| Untracked 
|  60|0x0000000710200000, 0x0000000710200000, 0x0000000710400000|  0%| F|  |TAMS 0x0000000710200000, 0x0000000710200000| Untracked 
|  61|0x0000000710400000, 0x0000000710400000, 0x0000000710600000|  0%| F|  |TAMS 0x0000000710400000, 0x0000000710400000| Untracked 
|  62|0x0000000710600000, 0x0000000710600000, 0x0000000710800000|  0%| F|  |TAMS 0x0000000710600000, 0x0000000710600000| Untracked 
|  63|0x0000000710800000, 0x0000000710800000, 0x0000000710a00000|  0%| F|  |TAMS 0x0000000710800000, 0x0000000710800000| Untracked 
|  64|0x0000000710a00000, 0x0000000710a00000, 0x0000000710c00000|  0%| F|  |TAMS 0x0000000710a00000, 0x0000000710a00000| Untracked 
|  65|0x0000000710c00000, 0x0000000710c00000, 0x0000000710e00000|  0%| F|  |TAMS 0x0000000710c00000, 0x0000000710c00000| Untracked 
|  66|0x0000000710e00000, 0x0000000710e00000, 0x0000000711000000|  0%| F|  |TAMS 0x0000000710e00000, 0x0000000710e00000| Untracked 
|  67|0x0000000711000000, 0x0000000711000000, 0x0000000711200000|  0%| F|  |TAMS 0x0000000711000000, 0x0000000711000000| Untracked 
|  68|0x0000000711200000, 0x0000000711200000, 0x0000000711400000|  0%| F|  |TAMS 0x0000000711200000, 0x0000000711200000| Untracked 
|  69|0x0000000711400000, 0x0000000711400000, 0x0000000711600000|  0%| F|  |TAMS 0x0000000711400000, 0x0000000711400000| Untracked 
|  70|0x0000000711600000, 0x0000000711600000, 0x0000000711800000|  0%| F|  |TAMS 0x0000000711600000, 0x0000000711600000| Untracked 
|  71|0x0000000711800000, 0x0000000711800000, 0x0000000711a00000|  0%| F|  |TAMS 0x0000000711800000, 0x0000000711800000| Untracked 
|  72|0x0000000711a00000, 0x0000000711a00000, 0x0000000711c00000|  0%| F|  |TAMS 0x0000000711a00000, 0x0000000711a00000| Untracked 
|  73|0x0000000711c00000, 0x0000000711c00000, 0x0000000711e00000|  0%| F|  |TAMS 0x0000000711c00000, 0x0000000711c00000| Untracked 
|  74|0x0000000711e00000, 0x0000000711e00000, 0x0000000712000000|  0%| F|  |TAMS 0x0000000711e00000, 0x0000000711e00000| Untracked 
|  75|0x0000000712000000, 0x0000000712000000, 0x0000000712200000|  0%| F|  |TAMS 0x0000000712000000, 0x0000000712000000| Untracked 
|  76|0x0000000712200000, 0x0000000712200000, 0x0000000712400000|  0%| F|  |TAMS 0x0000000712200000, 0x0000000712200000| Untracked 
|  77|0x0000000712400000, 0x0000000712400000, 0x0000000712600000|  0%| F|  |TAMS 0x0000000712400000, 0x0000000712400000| Untracked 
|  78|0x0000000712600000, 0x0000000712600000, 0x0000000712800000|  0%| F|  |TAMS 0x0000000712600000, 0x0000000712600000| Untracked 
|  79|0x0000000712800000, 0x0000000712800000, 0x0000000712a00000|  0%| F|  |TAMS 0x0000000712800000, 0x0000000712800000| Untracked 
|  80|0x0000000712a00000, 0x0000000712a00000, 0x0000000712c00000|  0%| F|  |TAMS 0x0000000712a00000, 0x0000000712a00000| Untracked 
|  81|0x0000000712c00000, 0x0000000712c00000, 0x0000000712e00000|  0%| F|  |TAMS 0x0000000712c00000, 0x0000000712c00000| Untracked 
|  82|0x0000000712e00000, 0x0000000712e00000, 0x0000000713000000|  0%| F|  |TAMS 0x0000000712e00000, 0x0000000712e00000| Untracked 
|  83|0x0000000713000000, 0x0000000713000000, 0x0000000713200000|  0%| F|  |TAMS 0x0000000713000000, 0x0000000713000000| Untracked 
|  84|0x0000000713200000, 0x0000000713200000, 0x0000000713400000|  0%| F|  |TAMS 0x0000000713200000, 0x0000000713200000| Untracked 
|  85|0x0000000713400000, 0x0000000713400000, 0x0000000713600000|  0%| F|  |TAMS 0x0000000713400000, 0x0000000713400000| Untracked 
|  86|0x0000000713600000, 0x0000000713600000, 0x0000000713800000|  0%| F|  |TAMS 0x0000000713600000, 0x0000000713600000| Untracked 
|  87|0x0000000713800000, 0x0000000713800000, 0x0000000713a00000|  0%| F|  |TAMS 0x0000000713800000, 0x0000000713800000| Untracked 
|  88|0x0000000713a00000, 0x0000000713a00000, 0x0000000713c00000|  0%| F|  |TAMS 0x0000000713a00000, 0x0000000713a00000| Untracked 
|  89|0x0000000713c00000, 0x0000000713c00000, 0x0000000713e00000|  0%| F|  |TAMS 0x0000000713c00000, 0x0000000713c00000| Untracked 
|  90|0x0000000713e00000, 0x0000000713e00000, 0x0000000714000000|  0%| F|  |TAMS 0x0000000713e00000, 0x0000000713e00000| Untracked 
|  91|0x0000000714000000, 0x0000000714000000, 0x0000000714200000|  0%| F|  |TAMS 0x0000000714000000, 0x0000000714000000| Untracked 
|  92|0x0000000714200000, 0x0000000714200000, 0x0000000714400000|  0%| F|  |TAMS 0x0000000714200000, 0x0000000714200000| Untracked 
|  93|0x0000000714400000, 0x0000000714400000, 0x0000000714600000|  0%| F|  |TAMS 0x0000000714400000, 0x0000000714400000| Untracked 
|  94|0x0000000714600000, 0x0000000714600000, 0x0000000714800000|  0%| F|  |TAMS 0x0000000714600000, 0x0000000714600000| Untracked 
|  95|0x0000000714800000, 0x0000000714800000, 0x0000000714a00000|  0%| F|  |TAMS 0x0000000714800000, 0x0000000714800000| Untracked 
|  96|0x0000000714a00000, 0x0000000714a00000, 0x0000000714c00000|  0%| F|  |TAMS 0x0000000714a00000, 0x0000000714a00000| Untracked 
|  97|0x0000000714c00000, 0x0000000714c00000, 0x0000000714e00000|  0%| F|  |TAMS 0x0000000714c00000, 0x0000000714c00000| Untracked 
|  98|0x0000000714e00000, 0x0000000714e00000, 0x0000000715000000|  0%| F|  |TAMS 0x0000000714e00000, 0x0000000714e00000| Untracked 
|  99|0x0000000715000000, 0x0000000715000000, 0x0000000715200000|  0%| F|  |TAMS 0x0000000715000000, 0x0000000715000000| Untracked 
| 100|0x0000000715200000, 0x0000000715200000, 0x0000000715400000|  0%| F|  |TAMS 0x0000000715200000, 0x0000000715200000| Untracked 
| 101|0x0000000715400000, 0x0000000715400000, 0x0000000715600000|  0%| F|  |TAMS 0x0000000715400000, 0x0000000715400000| Untracked 
| 102|0x0000000715600000, 0x0000000715600000, 0x0000000715800000|  0%| F|  |TAMS 0x0000000715600000, 0x0000000715600000| Untracked 
| 103|0x0000000715800000, 0x0000000715800000, 0x0000000715a00000|  0%| F|  |TAMS 0x0000000715800000, 0x0000000715800000| Untracked 
| 104|0x0000000715a00000, 0x0000000715a00000, 0x0000000715c00000|  0%| F|  |TAMS 0x0000000715a00000, 0x0000000715a00000| Untracked 
| 105|0x0000000715c00000, 0x0000000715c00000, 0x0000000715e00000|  0%| F|  |TAMS 0x0000000715c00000, 0x0000000715c00000| Untracked 
| 106|0x0000000715e00000, 0x0000000715e00000, 0x0000000716000000|  0%| F|  |TAMS 0x0000000715e00000, 0x0000000715e00000| Untracked 
| 107|0x0000000716000000, 0x0000000716000000, 0x0000000716200000|  0%| F|  |TAMS 0x0000000716000000, 0x0000000716000000| Untracked 
| 108|0x0000000716200000, 0x0000000716200000, 0x0000000716400000|  0%| F|  |TAMS 0x0000000716200000, 0x0000000716200000| Untracked 
| 109|0x0000000716400000, 0x0000000716400000, 0x0000000716600000|  0%| F|  |TAMS 0x0000000716400000, 0x0000000716400000| Untracked 
| 110|0x0000000716600000, 0x0000000716600000, 0x0000000716800000|  0%| F|  |TAMS 0x0000000716600000, 0x0000000716600000| Untracked 
| 111|0x0000000716800000, 0x0000000716800000, 0x0000000716a00000|  0%| F|  |TAMS 0x0000000716800000, 0x0000000716800000| Untracked 
| 112|0x0000000716a00000, 0x0000000716a00000, 0x0000000716c00000|  0%| F|  |TAMS 0x0000000716a00000, 0x0000000716a00000| Untracked 
| 113|0x0000000716c00000, 0x0000000716c00000, 0x0000000716e00000|  0%| F|  |TAMS 0x0000000716c00000, 0x0000000716c00000| Untracked 
| 114|0x0000000716e00000, 0x0000000716e00000, 0x0000000717000000|  0%| F|  |TAMS 0x0000000716e00000, 0x0000000716e00000| Untracked 
| 115|0x0000000717000000, 0x0000000717000000, 0x0000000717200000|  0%| F|  |TAMS 0x0000000717000000, 0x0000000717000000| Untracked 
| 116|0x0000000717200000, 0x0000000717200000, 0x0000000717400000|  0%| F|  |TAMS 0x0000000717200000, 0x0000000717200000| Untracked 
| 117|0x0000000717400000, 0x0000000717400000, 0x0000000717600000|  0%| F|  |TAMS 0x0000000717400000, 0x0000000717400000| Untracked 
| 118|0x0000000717600000, 0x0000000717600000, 0x0000000717800000|  0%| F|  |TAMS 0x0000000717600000, 0x0000000717600000| Untracked 
| 119|0x0000000717800000, 0x0000000717800000, 0x0000000717a00000|  0%| F|  |TAMS 0x0000000717800000, 0x0000000717800000| Untracked 
| 120|0x0000000717a00000, 0x0000000717a00000, 0x0000000717c00000|  0%| F|  |TAMS 0x0000000717a00000, 0x0000000717a00000| Untracked 
| 121|0x0000000717c00000, 0x0000000717c00000, 0x0000000717e00000|  0%| F|  |TAMS 0x0000000717c00000, 0x0000000717c00000| Untracked 
| 122|0x0000000717e00000, 0x0000000717e00000, 0x0000000718000000|  0%| F|  |TAMS 0x0000000717e00000, 0x0000000717e00000| Untracked 
| 123|0x0000000718000000, 0x00000007181c2a88, 0x0000000718200000| 88%| E|  |TAMS 0x0000000718000000, 0x0000000718000000| Complete 
|1977|0x00000007ffc00000, 0x00000007ffd52000, 0x00000007ffe00000| 66%|OA|  |TAMS 0x00000007ffc00000, 0x00000007ffc00000| Untracked 
|1978|0x00000007ffe00000, 0x00000007ffe7c000, 0x0000000800000000| 24%|CA|  |TAMS 0x00000007ffe00000, 0x00000007ffe00000| Untracked 

Card table byte_map: [0x0000757832c00000,0x00007578333bb000] _byte_map_base: 0x000075782f3bb000

Marking Bits (Prev, Next): (CMBitMap*) 0x000075784c079450, (CMBitMap*) 0x000075784c079490
 Prev Bits: [0x000075782e600000, 0x00007578323d8000)
 Next Bits: [0x000075782a800000, 0x000075782e5d8000)

Polling page: 0x0000757852b57000

Metaspace:

Usage:
  Non-class:      4,01 MB capacity,   523,45 KB ( 13%) used,     3,50 MB ( 87%) free+waste,   320 bytes ( <1%) overhead. 
      Class:    389,00 KB capacity,    49,05 KB ( 13%) used,   339,70 KB ( 87%) free+waste,   256 bytes ( <1%) overhead. 
       Both:      4,39 MB capacity,   572,50 KB ( 13%) used,     3,83 MB ( 87%) free+waste,   576 bytes ( <1%) overhead. 

Virtual space:
  Non-class space:        8,00 MB reserved,       4,25 MB ( 53%) committed 
      Class space:        1,00 GB reserved,     512,00 KB ( <1%) committed 
             Both:        1,01 GB reserved,       4,75 MB ( <1%) committed 

Chunk freelists:
   Non-Class:  2,00 KB
       Class:  1,00 KB
        Both:  3,00 KB

MaxMetaspaceSize: 17179869184,00 GB
CompressedClassSpaceSize: 1,00 GB

CodeHeap 'non-profiled nmethods': size=120028Kb used=47Kb max_used=47Kb free=119981Kb
 bounds [0x000075783b6c9000, 0x000075783b939000, 0x0000757842c00000]
CodeHeap 'profiled nmethods': size=120028Kb used=207Kb max_used=207Kb free=119820Kb
 bounds [0x0000757834192000, 0x0000757834402000, 0x000075783b6c9000]
CodeHeap 'non-nmethods': size=5704Kb used=1110Kb max_used=1110Kb free=4593Kb
 bounds [0x0000757833c00000, 0x0000757833e70000, 0x0000757834192000]
 total_blobs=517 nmethods=168 adapters=262
 compilation: enabled
              stopped_count=0, restarted_count=0
 full_count=0

Compilation events (20 events):
Event: 0,104 Thread 0x000075784c183760  133       3       java.lang.StringUTF16::getChar (60 bytes)
Event: 0,104 Thread 0x000075784c183760 nmethod 133 0x00007578341b7910 code [0x00007578341b7aa0, 0x00007578341b7bf0]
Event: 0,104 Thread 0x000075784c183760  130       1       java.lang.invoke.MethodHandles$Lookup::lookupClass (5 bytes)
Event: 0,104 Thread 0x000075784c183760 nmethod 130 0x000075783b6d3710 code [0x000075783b6d38a0, 0x000075783b6d3950]
Event: 0,104 Thread 0x000075784c183760  132       3       java.util.Arrays::copyOf (19 bytes)
Event: 0,104 Thread 0x000075784c181f30  134       4       java.lang.StringUTF16::getChar (60 bytes)
Event: 0,104 Thread 0x000075784c183760 nmethod 132 0x00007578341b7d10 code [0x00007578341b7ec0, 0x00007578341b81a0]
Event: 0,106 Thread 0x000075784c183760  136       3       java.lang.AbstractStringBuilder::isLatin1 (19 bytes)
Event: 0,106 Thread 0x000075784c183760 nmethod 136 0x00007578341b8310 code [0x00007578341b84a0, 0x00007578341b8610]
Event: 0,106 Thread 0x000075784c183760  137       3       java.lang.StringUTF16::putChar (54 bytes)
Event: 0,106 Thread 0x000075784c183760 nmethod 137 0x00007578341b8690 code [0x00007578341b8820, 0x00007578341b8950]
Event: 0,106 Thread 0x000075784c183760  138       3       java.lang.String::isLatin1 (19 bytes)
Event: 0,106 Thread 0x000075784c183760 nmethod 138 0x00007578341b8a90 code [0x00007578341b8c20, 0x00007578341b8d90]
Event: 0,106 Thread 0x000075784c183760  141       3       java.lang.Character::isSurrogate (18 bytes)
Event: 0,106 Thread 0x000075784c183760 nmethod 141 0x00007578341b8e10 code [0x00007578341b8fa0, 0x00007578341b9110]
Event: 0,106 Thread 0x000075784c183760  144       3       java.lang.Character::charCount (12 bytes)
Event: 0,106 Thread 0x000075784c183760 nmethod 144 0x00007578341b9190 code [0x00007578341b9320, 0x00007578341b9450]
Event: 0,106 Thread 0x000075784c183760  145       3       java.lang.StringUTF16::codePointAt (86 bytes)
Event: 0,107 Thread 0x000075784c183760 nmethod 145 0x00007578341b9510 code [0x00007578341b9700, 0x00007578341b9db0]
Event: 0,107 Thread 0x000075784c183760  139       3       java.util.regex.Pattern::isSupplementary (21 bytes)

GC Heap History (0 events):
No events

Deoptimization events (4 events):
Event: 0,104 Thread 0x000075784c028070 Uncommon trap: trap_request=0xffffff45 fr.pc=0x000075783b6d2658 relative=0x0000000000000058
Event: 0,104 Thread 0x000075784c028070 Uncommon trap: reason=unstable_if action=reinterpret pc=0x000075783b6d2658 method=java.lang.String.isLatin1()Z @ 10 c2
Event: 0,104 Thread 0x000075784c028070 DEOPT PACKING pc=0x000075783b6d2658 sp=0x0000757852a2f200
Event: 0,104 Thread 0x000075784c028070 DEOPT UNPACKING pc=0x0000757833c4e125 sp=0x0000757852a2f1b0 mode 2

Classes unloaded (0 events):
No events

Classes redefined (0 events):
No events

Internal exceptions (0 events):
No events

Events (20 events):
Event: 0,084 loading class java/io/Reader done
Event: 0,084 loading class java/io/InputStreamReader done
Event: 0,084 loading class sun/nio/cs/StreamDecoder
Event: 0,084 loading class sun/nio/cs/StreamDecoder done
Event: 0,084 loading class sun/nio/cs/UTF_8$Decoder
Event: 0,084 loading class java/nio/charset/CharsetDecoder
Event: 0,085 loading class java/nio/charset/CharsetDecoder done
Event: 0,085 loading class sun/nio/cs/UTF_8$Decoder done
Event: 0,085 loading class java/util/Scanner$PatternLRUCache
Event: 0,085 loading class java/util/Scanner$PatternLRUCache done
Event: 0,087 loading class jdk/internal/module/ModulePatcher$PatchedModuleReader
Event: 0,087 loading class jdk/internal/module/ModulePatcher$PatchedModuleReader done
Event: 0,089 Loaded shared library /jtech/devtools/java/java15/lib/libnio.so
Event: 0,090 Loaded shared library /jtech/devtools/java/java15/lib/libjimage.so
Event: 0,091 loading class sun/net/www/protocol/jrt/Handler
Event: 0,091 loading class sun/net/www/protocol/jrt/Handler done
Event: 0,101 loading class sun/text/resources/cldr/FormatData_en
Event: 0,101 loading class sun/text/resources/cldr/FormatData_en done
Event: 0,101 loading class sun/text/resources/cldr/FormatData_en_US
Event: 0,101 loading class sun/text/resources/cldr/FormatData_en_US done


Dynamic libraries:
708a00000-718200000 rw-p 00000000 00:00 0 
718200000-7ffc00000 ---p 00000000 00:00 0 
7ffc00000-7ffd00000 rw-p 00000000 00:00 0 
7ffd00000-7ffd52000 rw-p 00bdc000 fc:01 11172312                         /jtech/devtools/java/java15/lib/server/classes.jsa
7ffd52000-7ffe00000 rw-p 00000000 00:00 0 
7ffe00000-7ffe7c000 rw-p 00b60000 fc:01 11172312                         /jtech/devtools/java/java15/lib/server/classes.jsa
7ffe7c000-800000000 rw-p 00000000 00:00 0 
800000000-800003000 rwxp 00001000 fc:01 11172312                         /jtech/devtools/java/java15/lib/server/classes.jsa
800003000-8003e3000 rw-p 00004000 fc:01 11172312                         /jtech/devtools/java/java15/lib/server/classes.jsa
8003e3000-800b2b000 r--p 003e4000 fc:01 11172312                         /jtech/devtools/java/java15/lib/server/classes.jsa
800b2b000-800b2c000 ---p 00000000 00:00 0 
800b2c000-800bac000 rw-p 00000000 00:00 0 
800bac000-840b2c000 ---p 00000000 00:00 0 
636147200000-636147201000 r-xp 00000000 fc:01 11172350                   /jtech/devtools/java/java15/bin/java
636147401000-636147402000 r--p 00001000 fc:01 11172350                   /jtech/devtools/java/java15/bin/java
636147402000-636147403000 rw-p 00002000 fc:01 11172350                   /jtech/devtools/java/java15/bin/java
63614875a000-63614877b000 rw-p 00000000 00:00 0                          [heap]
7577c8000000-7577c8021000 rw-p 00000000 00:00 0 
7577c8021000-7577cc000000 ---p 00000000 00:00 0 
7577d0000000-7577d0021000 rw-p 00000000 00:00 0 
7577d0021000-7577d4000000 ---p 00000000 00:00 0 
7577d4000000-7577d4021000 rw-p 00000000 00:00 0 
7577d4021000-7577d8000000 ---p 00000000 00:00 0 
7577dc000000-7577dc021000 rw-p 00000000 00:00 0 
7577dc021000-7577e0000000 ---p 00000000 00:00 0 
7577e0000000-7577e0051000 rw-p 00000000 00:00 0 
7577e0051000-7577e4000000 ---p 00000000 00:00 0 
7577e8000000-7577e808e000 rw-p 00000000 00:00 0 
7577e808e000-7577ec000000 ---p 00000000 00:00 0 
7577ec000000-7577ec021000 rw-p 00000000 00:00 0 
7577ec021000-7577f0000000 ---p 00000000 00:00 0 
7577f4000000-7577f4021000 rw-p 00000000 00:00 0 
7577f4021000-7577f8000000 ---p 00000000 00:00 0 
7577f8000000-7577f8021000 rw-p 00000000 00:00 0 
7577f8021000-7577fc000000 ---p 00000000 00:00 0 
757800000000-757800021000 rw-p 00000000 00:00 0 
757800021000-757804000000 ---p 00000000 00:00 0 
757804000000-757804021000 rw-p 00000000 00:00 0 
757804021000-757808000000 ---p 00000000 00:00 0 
75780c000000-75780c021000 rw-p 00000000 00:00 0 
75780c021000-757810000000 ---p 00000000 00:00 0 
757810000000-757810021000 rw-p 00000000 00:00 0 
757810021000-757814000000 ---p 00000000 00:00 0 
757818000000-757818021000 rw-p 00000000 00:00 0 
757818021000-75781c000000 ---p 00000000 00:00 0 
75781c000000-75781c021000 rw-p 00000000 00:00 0 
75781c021000-757820000000 ---p 00000000 00:00 0 
757821400000-75782165e000 rw-p 00000000 00:00 0 
757821800000-757821814000 r-xp 00000000 fc:01 11172287                   /jtech/devtools/java/java15/lib/libnet.so
757821814000-757821a14000 ---p 00014000 fc:01 11172287                   /jtech/devtools/java/java15/lib/libnet.so
757821a14000-757821a15000 r--p 00014000 fc:01 11172287                   /jtech/devtools/java/java15/lib/libnet.so
757821a15000-757821a16000 rw-p 00015000 fc:01 11172287                   /jtech/devtools/java/java15/lib/libnet.so
757821e00000-757821e11000 r-xp 00000000 fc:01 11172328                   /jtech/devtools/java/java15/lib/libnio.so
757821e11000-757822010000 ---p 00011000 fc:01 11172328                   /jtech/devtools/java/java15/lib/libnio.so
757822010000-757822011000 r--p 00010000 fc:01 11172328                   /jtech/devtools/java/java15/lib/libnio.so
757822011000-757822012000 rw-p 00011000 fc:01 11172328                   /jtech/devtools/java/java15/lib/libnio.so
7578222bd000-7578223fe000 rw-p 00000000 00:00 0 
7578223fe000-757822402000 ---p 00000000 00:00 0 
757822402000-7578224fe000 rw-p 00000000 00:00 0 
7578224fe000-7578224ff000 ---p 00000000 00:00 0 
7578224ff000-757822600000 rw-p 00000000 00:00 0 
757822600000-757822604000 ---p 00000000 00:00 0 
757822604000-757822700000 rw-p 00000000 00:00 0 
757822700000-757822704000 ---p 00000000 00:00 0 
757822704000-757822800000 rw-p 00000000 00:00 0 
757822800000-757822804000 ---p 00000000 00:00 0 
757822804000-757822900000 rw-p 00000000 00:00 0 
757822900000-757822904000 ---p 00000000 00:00 0 
757822904000-757822a00000 rw-p 00000000 00:00 0 
757822a00000-757822a04000 ---p 00000000 00:00 0 
757822a04000-757822b00000 rw-p 00000000 00:00 0 
757822b00000-757822b04000 ---p 00000000 00:00 0 
757822b04000-757822c00000 rw-p 00000000 00:00 0 
757822c00000-757823175000 r--p 00000000 fc:00 1971171                    /usr/lib/locale/locale-archive
757823200000-757823204000 ---p 00000000 00:00 0 
757823204000-757823300000 rw-p 00000000 00:00 0 
757823300000-757823304000 ---p 00000000 00:00 0 
757823304000-757823400000 rw-p 00000000 00:00 0 
757823400000-757823840000 rw-p 00000000 00:00 0 
757823840000-757823c00000 ---p 00000000 00:00 0 
757823cfa000-757823cfb000 ---p 00000000 00:00 0 
757823cfb000-757823dfc000 rw-p 00000000 00:00 0 
757823dfc000-757823dfd000 ---p 00000000 00:00 0 
757823dfd000-757823efe000 rw-p 00000000 00:00 0 
757823efe000-757823eff000 ---p 00000000 00:00 0 
757823eff000-757824000000 rw-p 00000000 00:00 0 
757824000000-757824021000 rw-p 00000000 00:00 0 
757824021000-757828000000 ---p 00000000 00:00 0 
7578280f9000-75782abe0000 rw-p 00000000 00:00 0 
75782abe0000-75782e5c8000 ---p 00000000 00:00 0 
75782e5c8000-75782e5d8000 rw-p 00000000 00:00 0 
75782e600000-75782e9e0000 rw-p 00000000 00:00 0 
75782e9e0000-7578323c8000 ---p 00000000 00:00 0 
7578323c8000-7578323d8000 rw-p 00000000 00:00 0 
757832400000-75783247c000 rw-p 00000000 00:00 0 
75783247c000-757832bb9000 ---p 00000000 00:00 0 
757832bb9000-757832bbb000 rw-p 00000000 00:00 0 
757832c00000-757832c7c000 rw-p 00000000 00:00 0 
757832c7c000-7578333b9000 ---p 00000000 00:00 0 
7578333b9000-7578333bb000 rw-p 00000000 00:00 0 
757833400000-75783347c000 rw-p 00000000 00:00 0 
75783347c000-757833bb9000 ---p 00000000 00:00 0 
757833bb9000-757833bbb000 rw-p 00000000 00:00 0 
757833c00000-757833e70000 rwxp 00000000 00:00 0 
757833e70000-757834192000 ---p 00000000 00:00 0 
757834192000-757834402000 rwxp 00000000 00:00 0 
757834402000-75783b6c9000 ---p 00000000 00:00 0 
75783b6c9000-75783b939000 rwxp 00000000 00:00 0 
75783b939000-757842c00000 ---p 00000000 00:00 0 
757842c00000-75784b8d1000 r--s 00000000 fc:01 11172276                   /jtech/devtools/java/java15/lib/modules
75784b8ff000-75784ba00000 rw-p 00000000 00:00 0 
75784ba00000-75784ba24000 r-xp 00000000 fc:01 11172282                   /jtech/devtools/java/java15/lib/libjava.so
75784ba24000-75784bc23000 ---p 00024000 fc:01 11172282                   /jtech/devtools/java/java15/lib/libjava.so
75784bc23000-75784bc24000 r--p 00023000 fc:01 11172282                   /jtech/devtools/java/java15/lib/libjava.so
75784bc24000-75784bc25000 rw-p 00024000 fc:01 11172282                   /jtech/devtools/java/java15/lib/libjava.so
75784bc25000-75784bc26000 rw-p 00000000 00:00 0 
75784bcfa000-75784bcfb000 ---p 00000000 00:00 0 
75784bcfb000-75784bdfc000 rw-p 00000000 00:00 0 
75784bdfc000-75784bdfd000 ---p 00000000 00:00 0 
75784bdfd000-75784befe000 rw-p 00000000 00:00 0 
75784befe000-75784beff000 ---p 00000000 00:00 0 
75784beff000-75784c000000 rw-p 00000000 00:00 0 
75784c000000-75784c21c000 rw-p 00000000 00:00 0 
75784c21c000-757850000000 ---p 00000000 00:00 0 
7578500fd000-757850400000 rw-p 00000000 00:00 0 
757850400000-75785041b000 r-xp 00000000 fc:01 11172322                   /jtech/devtools/java/java15/lib/libjimage.so
75785041b000-75785061a000 ---p 0001b000 fc:01 11172322                   /jtech/devtools/java/java15/lib/libjimage.so
75785061a000-75785061c000 r--p 0001a000 fc:01 11172322                   /jtech/devtools/java/java15/lib/libjimage.so
75785061c000-75785061d000 rw-p 0001c000 fc:01 11172322                   /jtech/devtools/java/java15/lib/libjimage.so
75785067c000-757850a00000 rw-p 00000000 00:00 0 
757850a00000-757851bec000 r-xp 00000000 fc:01 11172310                   /jtech/devtools/java/java15/lib/server/libjvm.so
757851bec000-757851dec000 ---p 011ec000 fc:01 11172310                   /jtech/devtools/java/java15/lib/server/libjvm.so
757851dec000-757851e89000 r--p 011ec000 fc:01 11172310                   /jtech/devtools/java/java15/lib/server/libjvm.so
757851e89000-757851ec2000 rw-p 01289000 fc:01 11172310                   /jtech/devtools/java/java15/lib/server/libjvm.so
757851ec2000-757851f4b000 rw-p 00000000 00:00 0 
757851f72000-757852200000 rw-p 00000000 00:00 0 
757852200000-757852228000 r--p 00000000 fc:00 1968220                    /usr/lib/x86_64-linux-gnu/libc.so.6
757852228000-7578523bd000 r-xp 00028000 fc:00 1968220                    /usr/lib/x86_64-linux-gnu/libc.so.6
7578523bd000-757852415000 r--p 001bd000 fc:00 1968220                    /usr/lib/x86_64-linux-gnu/libc.so.6
757852415000-757852416000 ---p 00215000 fc:00 1968220                    /usr/lib/x86_64-linux-gnu/libc.so.6
757852416000-75785241a000 r--p 00215000 fc:00 1968220                    /usr/lib/x86_64-linux-gnu/libc.so.6
75785241a000-75785241c000 rw-p 00219000 fc:00 1968220                    /usr/lib/x86_64-linux-gnu/libc.so.6
75785241c000-757852429000 rw-p 00000000 00:00 0 
757852433000-75785251a000 rw-p 00000000 00:00 0 
75785251a000-757852600000 ---p 00000000 00:00 0 
757852600000-75785260f000 r-xp 00000000 fc:01 11172294                   /jtech/devtools/java/java15/lib/libjli.so
75785260f000-75785280f000 ---p 0000f000 fc:01 11172294                   /jtech/devtools/java/java15/lib/libjli.so
75785280f000-757852810000 r--p 0000f000 fc:01 11172294                   /jtech/devtools/java/java15/lib/libjli.so
757852810000-757852811000 rw-p 00010000 fc:01 11172294                   /jtech/devtools/java/java15/lib/libjli.so
757852820000-757852846000 rw-p 00000000 00:00 0 
757852846000-75785292c000 ---p 00000000 00:00 0 
75785292c000-75785292d000 r--p 00000000 fc:00 1968282                    /usr/lib/x86_64-linux-gnu/librt.so.1
75785292d000-75785292e000 r-xp 00001000 fc:00 1968282                    /usr/lib/x86_64-linux-gnu/librt.so.1
75785292e000-75785292f000 r--p 00002000 fc:00 1968282                    /usr/lib/x86_64-linux-gnu/librt.so.1
75785292f000-757852930000 r--p 00002000 fc:00 1968282                    /usr/lib/x86_64-linux-gnu/librt.so.1
757852930000-757852931000 rw-p 00003000 fc:00 1968282                    /usr/lib/x86_64-linux-gnu/librt.so.1
757852931000-757852935000 ---p 00000000 00:00 0 
757852935000-757852a31000 rw-p 00000000 00:00 0 
757852a31000-757852a3f000 r--p 00000000 fc:00 1968241                    /usr/lib/x86_64-linux-gnu/libm.so.6
757852a3f000-757852abb000 r-xp 0000e000 fc:00 1968241                    /usr/lib/x86_64-linux-gnu/libm.so.6
757852abb000-757852b16000 r--p 0008a000 fc:00 1968241                    /usr/lib/x86_64-linux-gnu/libm.so.6
757852b16000-757852b17000 r--p 000e4000 fc:00 1968241                    /usr/lib/x86_64-linux-gnu/libm.so.6
757852b17000-757852b18000 rw-p 000e5000 fc:00 1968241                    /usr/lib/x86_64-linux-gnu/libm.so.6
757852b18000-757852b1c000 rw-p 00000000 00:00 0 
757852b1c000-757852b1d000 r--p 00000000 fc:00 1968235                    /usr/lib/x86_64-linux-gnu/libdl.so.2
757852b1d000-757852b1e000 r-xp 00001000 fc:00 1968235                    /usr/lib/x86_64-linux-gnu/libdl.so.2
757852b1e000-757852b1f000 r--p 00002000 fc:00 1968235                    /usr/lib/x86_64-linux-gnu/libdl.so.2
757852b1f000-757852b20000 r--p 00002000 fc:00 1968235                    /usr/lib/x86_64-linux-gnu/libdl.so.2
757852b20000-757852b21000 rw-p 00003000 fc:00 1968235                    /usr/lib/x86_64-linux-gnu/libdl.so.2
757852b21000-757852b22000 r--p 00000000 fc:00 1968270                    /usr/lib/x86_64-linux-gnu/libpthread.so.0
757852b22000-757852b23000 r-xp 00001000 fc:00 1968270                    /usr/lib/x86_64-linux-gnu/libpthread.so.0
757852b23000-757852b24000 r--p 00002000 fc:00 1968270                    /usr/lib/x86_64-linux-gnu/libpthread.so.0
757852b24000-757852b25000 r--p 00002000 fc:00 1968270                    /usr/lib/x86_64-linux-gnu/libpthread.so.0
757852b25000-757852b26000 rw-p 00003000 fc:00 1968270                    /usr/lib/x86_64-linux-gnu/libpthread.so.0
757852b26000-757852b28000 r--p 00000000 fc:00 1994987                    /usr/lib/x86_64-linux-gnu/libz.so.1.2.11
757852b28000-757852b39000 r-xp 00002000 fc:00 1994987                    /usr/lib/x86_64-linux-gnu/libz.so.1.2.11
757852b39000-757852b3f000 r--p 00013000 fc:00 1994987                    /usr/lib/x86_64-linux-gnu/libz.so.1.2.11
757852b3f000-757852b40000 ---p 00019000 fc:00 1994987                    /usr/lib/x86_64-linux-gnu/libz.so.1.2.11
757852b40000-757852b41000 r--p 00019000 fc:00 1994987                    /usr/lib/x86_64-linux-gnu/libz.so.1.2.11
757852b41000-757852b42000 rw-p 0001a000 fc:00 1994987                    /usr/lib/x86_64-linux-gnu/libz.so.1.2.11
757852b43000-757852b48000 rw-p 00000000 00:00 0 
757852b48000-757852b4f000 ---p 00000000 00:00 0 
757852b4f000-757852b57000 rw-s 00000000 fc:00 14417964                   /tmp/hsperfdata_maicon.rocha/497579
757852b57000-757852b58000 ---p 00000000 00:00 0 
757852b58000-757852b59000 r--p 00000000 00:00 0 
757852b59000-757852b5b000 rw-p 00000000 00:00 0 
757852b5b000-757852b5d000 r--p 00000000 fc:00 1968207                    /usr/lib/x86_64-linux-gnu/ld-linux-x86-64.so.2
757852b5d000-757852b87000 r-xp 00002000 fc:00 1968207                    /usr/lib/x86_64-linux-gnu/ld-linux-x86-64.so.2
757852b87000-757852b92000 r--p 0002c000 fc:00 1968207                    /usr/lib/x86_64-linux-gnu/ld-linux-x86-64.so.2
757852b92000-757852b93000 ---p 00000000 00:00 0 
757852b93000-757852b95000 r--p 00037000 fc:00 1968207                    /usr/lib/x86_64-linux-gnu/ld-linux-x86-64.so.2
757852b95000-757852b97000 rw-p 00039000 fc:00 1968207                    /usr/lib/x86_64-linux-gnu/ld-linux-x86-64.so.2
7ffe8f8c9000-7ffe8f8eb000 rw-p 00000000 00:00 0                          [stack]
7ffe8f96e000-7ffe8f972000 r--p 00000000 00:00 0                          [vvar]
7ffe8f972000-7ffe8f974000 r-xp 00000000 00:00 0                          [vdso]
ffffffffff600000-ffffffffff601000 --xp 00000000 00:00 0                  [vsyscall]


VM Arguments:
jvm_args: -XX:+ShowCodeDetailsInExceptionMessages 
java_command: br.com.circumference.application.Program
java_class_path (initial): /jtech/home/maicon.rocha/.config/Code/User/workspaceStorage/f6efe6c6741211b729a22efd82b59f36/redhat.java/jdt_ws/java_completo_4a3f0f45/bin
Launcher Type: SUN_STANDARD

[Global flags]
     intx CICompilerCount                          = 4                                         {product} {ergonomic}
     uint ConcGCThreads                            = 2                                         {product} {ergonomic}
     uint G1ConcRefinementThreads                  = 8                                         {product} {ergonomic}
   size_t G1HeapRegionSize                         = 2097152                                   {product} {ergonomic}
    uintx GCDrainStackTargetSize                   = 64                                        {product} {ergonomic}
   size_t InitialHeapSize                          = 260046848                                 {product} {ergonomic}
   size_t MarkStackSize                            = 4194304                                   {product} {ergonomic}
   size_t MaxHeapSize                              = 4150263808                                {product} {ergonomic}
   size_t MaxNewSize                               = 2489319424                                {product} {ergonomic}
   size_t MinHeapDeltaBytes                        = 2097152                                   {product} {ergonomic}
   size_t MinHeapSize                              = 8388608                                   {product} {ergonomic}
    uintx NonNMethodCodeHeapSize                   = 5839372                                {pd product} {ergonomic}
    uintx NonProfiledCodeHeapSize                  = 122909434                              {pd product} {ergonomic}
    uintx ProfiledCodeHeapSize                     = 122909434                              {pd product} {ergonomic}
    uintx ReservedCodeCacheSize                    = 251658240                              {pd product} {ergonomic}
     bool SegmentedCodeCache                       = true                                      {product} {ergonomic}
     bool ShowCodeDetailsInExceptionMessages       = true                                   {manageable} {command line}
   size_t SoftMaxHeapSize                          = 4150263808                             {manageable} {ergonomic}
     bool UseCompressedClassPointers               = true                                 {lp64_product} {ergonomic}
     bool UseCompressedOops                        = true                                 {lp64_product} {ergonomic}
     bool UseG1GC                                  = true                                      {product} {ergonomic}

Logging:
Log output configuration:
 #0: stdout all=warning uptime,level,tags
 #1: stderr all=off uptime,level,tags

Environment Variables:
JAVA_HOME=/jtech/devtools/java/java15
PATH=/jtech/home/maicon.rocha/.local/bin:/jtech/home/maicon.rocha/.nvm/versions/node/v16.20.2/bin:/jtech/home/maicon.rocha/.local/bin:/usr/local/sbin:/usr/local/bin:/usr/sbin:/usr/bin:/sbin:/bin:/usr/games:/usr/local/games:/snap/bin:/snap/bin:/jtech/devtools/java/java15/bin:/jtech/devtools/gradle/home7/bin:/jtech/devtools/android/sdk/emulator:/jtech/devtools/android/sdk/tools:/jtech/devtools/android/sdk/platform-tools:/jtech/devtools/mobile/flutter/bin:/jtech/devtools/mobile/dart-sdk/bin:/jtech/home/maicon.rocha/.pub_cache/bin:/jtech/devtools/java/java15/bin:/jtech/devtools/gradle/home7/bin:/jtech/devtools/android/sdk/emulator:/jtech/devtools/android/sdk/tools:/jtech/devtools/android/sdk/platform-tools:/jtech/devtools/mobile/flutter/bin:/jtech/devtools/mobile/dart-sdk/bin:/jtech/home/maicon.rocha/.pub_cache/bin
USERNAME=maicon.rocha
SHELL=/bin/bash
DISPLAY=:1
LANG=pt_BR.UTF-8

Signal Handlers:
SIGSEGV: [libjvm.so+0xec40d0], sa_mask[0]=11111111011111111101111111111110, sa_flags=SA_RESTART|SA_SIGINFO
SIGBUS: [libjvm.so+0xec40d0], sa_mask[0]=11111111011111111101111111111110, sa_flags=SA_RESTART|SA_SIGINFO
SIGFPE: [libjvm.so+0xec40d0], sa_mask[0]=11111111011111111101111111111110, sa_flags=SA_RESTART|SA_SIGINFO
SIGPIPE: [libjvm.so+0xbbcca0], sa_mask[0]=11111111011111111101111111111110, sa_flags=SA_RESTART|SA_SIGINFO
SIGXFSZ: [libjvm.so+0xbbcca0], sa_mask[0]=11111111011111111101111111111110, sa_flags=SA_RESTART|SA_SIGINFO
SIGILL: [libjvm.so+0xec40d0], sa_mask[0]=11111111011111111101111111111110, sa_flags=SA_RESTART|SA_SIGINFO
SIGUSR2: [libjvm.so+0xbbcb40], sa_mask[0]=00000000000000000000000000000000, sa_flags=SA_RESTART|SA_SIGINFO
SIGHUP: [libjvm.so+0xbbd260], sa_mask[0]=11111111011111111101111111111110, sa_flags=SA_RESTART|SA_SIGINFO
SIGINT: [libjvm.so+0xbbd260], sa_mask[0]=11111111011111111101111111111110, sa_flags=SA_RESTART|SA_SIGINFO
SIGTERM: [libjvm.so+0xbbd260], sa_mask[0]=11111111011111111101111111111110, sa_flags=SA_RESTART|SA_SIGINFO
SIGQUIT: [libjvm.so+0xbbd260], sa_mask[0]=11111111011111111101111111111110, sa_flags=SA_RESTART|SA_SIGINFO


---------------  S Y S T E M  ---------------

OS:
DISTRIB_ID=Ubuntu
DISTRIB_RELEASE=22.04
DISTRIB_CODENAME=jammy
DISTRIB_DESCRIPTION="Ubuntu 22.04.4 LTS"
uname: Linux 6.8.0-40-generic #40~22.04.3-Ubuntu SMP PREEMPT_DYNAMIC Tue Jul 30 17:30:19 UTC 2 x86_64
OS uptime: 1 days 2:40 hours
libc: glibc 2.35 NPTL 2.35 
rlimit (soft/hard): STACK 8192k/infinity , CORE 0k/infinity , NPROC 62604/62604 , NOFILE 1048576/1048576 , AS infinity/infinity , CPU infinity/infinity , DATA infinity/infinity , FSIZE infinity/infinity , MEMLOCK 2026080k/2026080k
load average: 2,07 2,09 2,40

/proc/meminfo:
MemTotal:       16208660 kB
MemFree:          966112 kB
MemAvailable:    6185804 kB
Buffers:          279752 kB
Cached:          6284868 kB
SwapCached:          128 kB
Active:          8481344 kB
Inactive:        4763156 kB
Active(anon):    7075428 kB
Inactive(anon):   889992 kB
Active(file):    1405916 kB
Inactive(file):  3873164 kB
Unevictable:      674424 kB
Mlocked:              60 kB
SwapTotal:       2097148 kB
SwapFree:        2095612 kB
Zswap:                 0 kB
Zswapped:              0 kB
Dirty:               848 kB
Writeback:             0 kB
AnonPages:       7354304 kB
Mapped:          1849372 kB
Shmem:           1285516 kB
KReclaimable:     359152 kB
Slab:             661460 kB
SReclaimable:     359152 kB
SUnreclaim:       302308 kB
KernelStack:       32416 kB
PageTables:        90700 kB
SecPageTables:         0 kB
NFS_Unstable:          0 kB
Bounce:                0 kB
WritebackTmp:          0 kB
CommitLimit:    10201476 kB
Committed_AS:   28268088 kB
VmallocTotal:   34359738367 kB
VmallocUsed:      254320 kB
VmallocChunk:          0 kB
Percpu:            11040 kB
HardwareCorrupted:     0 kB
AnonHugePages:         0 kB
ShmemHugePages:   937984 kB
ShmemPmdMapped:        0 kB
FileHugePages:         0 kB
FilePmdMapped:         0 kB
Unaccepted:            0 kB
HugePages_Total:       0
HugePages_Free:        0
HugePages_Rsvd:        0
HugePages_Surp:        0
Hugepagesize:       2048 kB
Hugetlb:               0 kB
DirectMap4k:      871868 kB
DirectMap2M:    15738880 kB
DirectMap1G:           0 kB

/sys/kernel/mm/transparent_hugepage/enabled: always [madvise] never
/sys/kernel/mm/transparent_hugepage/defrag (defrag/compaction efforts parameter): always defer defer+madvise [madvise] never

/proc/sys/kernel/threads-max (system-wide limit on the number of threads): 125209
/proc/sys/vm/max_map_count (maximum number of memory map areas a process may have): 65530
/proc/sys/kernel/pid_max (system-wide limit on number of process identifiers): 4194304

container (cgroup) information:
container_type: cgroupv2
cpu_cpuset_cpus: not supported
cpu_memory_nodes: not supported
active_processor_count: 8
cpu_quota: not supported
cpu_period: not supported
cpu_shares: not supported
memory_limit_in_bytes: unlimited
memory_and_swap_limit_in_bytes: unlimited
memory_soft_limit_in_bytes: unlimited
memory_usage_in_bytes: 2702106624
memory_max_usage_in_bytes: not supported

Steal ticks since vm start: 0
Steal ticks percentage since vm start:  0,000

CPU: total 8 (initial active 8) (4 cores per cpu, 2 threads per core) family 6 model 158 stepping 10 microcode 0xf8, cmov, cx8, fxsr, mmx, sse, sse2, sse3, ssse3, sse4.1, sse4.2, popcnt, vzeroupper, avx, avx2, aes, clmul, erms, 3dnowpref, lzcnt, ht, tsc, tscinvbit, bmi1, bmi2, adx, fma, clflush, clflushopt
CPU Model and flags from /proc/cpuinfo:
model name	: Intel(R) Core(TM) i5-9300H CPU @ 2.40GHz
flags		: fpu vme de pse tsc msr pae mce cx8 apic sep mtrr pge mca cmov pat pse36 clflush dts acpi mmx fxsr sse sse2 ss ht tm pbe syscall nx pdpe1gb rdtscp lm constant_tsc art arch_perfmon pebs bts rep_good nopl xtopology nonstop_tsc cpuid aperfmperf pni pclmulqdq dtes64 monitor ds_cpl vmx est tm2 ssse3 sdbg fma cx16 xtpr pdcm pcid sse4_1 sse4_2 x2apic movbe popcnt tsc_deadline_timer aes xsave avx f16c rdrand lahf_lm abm 3dnowprefetch cpuid_fault epb pti ssbd ibrs ibpb stibp tpr_shadow flexpriority ept vpid ept_ad fsgsbase tsc_adjust bmi1 avx2 smep bmi2 erms invpcid mpx rdseed adx smap clflushopt intel_pt xsaveopt xsavec xgetbv1 xsaves dtherm ida arat pln pts hwp hwp_notify hwp_act_window hwp_epp vnmi md_clear flush_l1d arch_capabilities

Online cpus: 0-7
Offline cpus: 
BIOS frequency limitation: <Not Available>
Frequency switch latency (ns): 0
Available cpu frequencies: <Not Available>
Current governor: powersave
Core performance/turbo boost: <Not Available>

Memory: 4k page, physical 16208660k(966112k free), swap 2097148k(2095612k free)

vm_info: OpenJDK 64-Bit Server VM (15.0.2+7) for linux-amd64 JRE (15.0.2+7), built on Jan 21 2021 11:55:36 by "" with gcc 7.5.0

END.
